=== [14:10:15] Phase 1 England ===
  fig1: /Volumes/BIGDATA/HYDE35/analysis/figures/long_shadow_fertility/fig1_rolling_elasticity_england.pdf
  fig2: /Volumes/BIGDATA/HYDE35/analysis/figures/long_shadow_fertility/fig2_smooth_transition_england.pdf
  fig3: /Volumes/BIGDATA/HYDE35/analysis/figures/long_shadow_fertility/fig3_volcanic_eventstudy_england.pdf
=== [14:10:24] Phase 2 multi-country ===
/opt/homebrew/Caskroom/miniconda/base/envs/work/lib/python3.13/site-packages/openpyxl/worksheet/_reader.py:329: UserWarning: Unknown extension is not supported and will be removed
  warn(msg)
/opt/homebrew/Caskroom/miniconda/base/envs/work/lib/python3.13/site-packages/openpyxl/worksheet/_reader.py:329: UserWarning: Unknown extension is not supported and will be removed
  warn(msg)
/opt/homebrew/Caskroom/miniconda/base/envs/work/lib/python3.13/site-packages/statsmodels/regression/linear_model.py:1884: RuntimeWarning: invalid value encountered in sqrt
  return np.sqrt(np.diag(self.cov_params()))
/opt/homebrew/Caskroom/miniconda/base/envs/work/lib/python3.13/site-packages/statsmodels/regression/linear_model.py:1884: RuntimeWarning: invalid value encountered in sqrt
  return np.sqrt(np.diag(self.cov_params()))
/opt/homebrew/Caskroom/miniconda/base/envs/work/lib/python3.13/site-packages/statsmodels/regression/linear_model.py:1884: RuntimeWarning: invalid value encountered in sqrt
  return np.sqrt(np.diag(self.cov_params()))
[fig5 EFP] skipped: [Errno 2] No such file or directory: '/Volumes/BIGDATA/HYDE35/analysis/data/long_shadow_fertility/efp_province_decade.parquet'
  fig1: /Volumes/BIGDATA/HYDE35/analysis/figures/long_shadow_fertility/fig1_rolling_multi_country.pdf
  fig2: /Volumes/BIGDATA/HYDE35/analysis/figures/long_shadow_fertility/fig2_pooled_smooth_transition.pdf
  fig3: /Volumes/BIGDATA/HYDE35/analysis/figures/long_shadow_fertility/fig3_stacked_volcanic.pdf
  fig4: /Volumes/BIGDATA/HYDE35/analysis/figures/long_shadow_fertility/fig4_country_decade_heatmap.pdf
  fig6: /Volumes/BIGDATA/HYDE35/analysis/figures/long_shadow_fertility/fig6_france_subnational.pdf
  fig1r: /Volumes/BIGDATA/HYDE35/analysis/figures/long_shadow_fertility/fig1r_rolling_with_controls_england.pdf
  fig2r: /Volumes/BIGDATA/HYDE35/analysis/figures/long_shadow_fertility/fig2r_smooth_transition_with_controls_england.pdf
  fig3r: /Volumes/BIGDATA/HYDE35/analysis/figures/long_shadow_fertility/fig3r_volcanic_with_controls_england.pdf
=== [14:10:58] Phase 3 lags+mortality+wage ===
  fig7: /Volumes/BIGDATA/HYDE35/analysis/figures/long_shadow_fertility/fig7_distributed_lag_irf.pdf
  fig8: /Volumes/BIGDATA/HYDE35/analysis/figures/long_shadow_fertility/fig8_volatility_treatment.pdf
  fig9: /Volumes/BIGDATA/HYDE35/analysis/figures/long_shadow_fertility/fig9_joint_fertility_mortality.pdf
  fig10: /Volumes/BIGDATA/HYDE35/analysis/figures/long_shadow_fertility/fig10_str_real_wage.pdf
  fig11: /Volumes/BIGDATA/HYDE35/analysis/figures/long_shadow_fertility/fig11_mediation_diagram.pdf
  fig12: /Volumes/BIGDATA/HYDE35/analysis/figures/long_shadow_fertility/fig12_dl_str_lag_by_regime.pdf
=== [14:12:33] Phase 4 pooled IV ===
[teleconnection] skipped: Could not fetch nao from https://www.ncei.noaa.gov/pub/data/paleo/historical/europe/luterbacher2002/nao_djf-trim.dat. BLOCKED: manually download and place at /Volumes/BIGDATA/HYDE35/analysis/data/long_shadow_fertility/nao.txt in plain 'year value' format.
[fig14 teleconnection] skipped: [Errno 2] No such file or directory: '/Volumes/BIGDATA/HYDE35/analysis/data/long_shadow_fertility/teleconnection_panel.parquet'
  fig7v2: /Volumes/BIGDATA/HYDE35/analysis/figures/long_shadow_fertility/fig7v2_pooled_dl_irf.pdf
  fig8v2: /Volumes/BIGDATA/HYDE35/analysis/figures/long_shadow_fertility/fig8v2_pooled_vol_dl.pdf
  fig11v2: /Volumes/BIGDATA/HYDE35/analysis/figures/long_shadow_fertility/fig11v2_mediation_cluster_bootstrap.pdf
  fig13: /Volumes/BIGDATA/HYDE35/analysis/figures/long_shadow_fertility/fig13_sigl_volcanic_iv.pdf
=== [14:14:12] Phase 5 gapfix+expansion+SUR ===
  fig1v3: /Volumes/BIGDATA/HYDE35/analysis/figures/long_shadow_fertility/fig1v3_rolling_7country.pdf
  fig7v3: /Volumes/BIGDATA/HYDE35/analysis/figures/long_shadow_fertility/fig7v3_pooled_dl_irf_v3.pdf
  fig10v2: /Volumes/BIGDATA/HYDE35/analysis/figures/long_shadow_fertility/fig10v2_str_harmonized_wage.pdf
  fig11v3: /Volumes/BIGDATA/HYDE35/analysis/figures/long_shadow_fertility/fig11v3_mediation_wild_bootstrap.pdf
  fig15: /Volumes/BIGDATA/HYDE35/analysis/figures/long_shadow_fertility/fig15_triple_sur.pdf
  fig16: /Volumes/BIGDATA/HYDE35/analysis/figures/long_shadow_fertility/fig16_phase_progression.pdf
=== [14:17:19] Phase 10 threshold grid ===
Loading panel...
  Main panel columns: ['iso3', 'year', 'log_cbr', 'births', 'population', 'source', 't_growing', 'p_growing', 't_winter', 'p_winter', 'vol_t_10y', 'vol_p_10y', 't_anom_c_within_season_sd', 'p_anom_mm_within_season_sd', 'ensstd_t_growing', 'ensstd_p_growing', 't_growing_rolling10_sd', 'p_growing_rolling10_sd', 'spei_growing', 'spei_winter', 'spei_annual', 'gdppc', 'log_gdppc', 'war_active', 'log_war_fatalities', 'pandemic_active', 'disaster_count', 'log_disaster_deaths', 'heat_extreme', 'drought', 'is_eruption_year', 'years_to_nearest_eruption']
  Main panel shape: (7209, 32)
  log_real_wage non-null after merge: 3986
  log_cdr non-null after merge: 1917

Merged panel shape: (7209, 34)
iso3 values: ['BEL', 'CHE', 'DNK', 'ESP', 'FIN', 'FRA', 'GBR', 'ISL', 'ITA', 'NLD', 'NOR', 'SWE']
  log_cbr: 2362 non-null
  t_growing: 7056 non-null
  log_real_wage: 3986 non-null
  log_cdr: 1917 non-null
  log_gdppc: 3011 non-null
  log_tfr: N/A (col missing) non-null

Dropped z_candidates (not in panel): ['log_tfr']
Running grid for: ['log_real_wage', 'log_cdr', 'log_gdppc']

Running fit_threshold_grid (n_boot=500)...

=== THRESHOLD GRID RESULTS ===
  log_real_wage       : c_hat=10.1402  CI=[10.140, 10.140]  p=0.002  beta_M=-0.0601  beta_T=-0.3879  n=1789
  log_cdr             : c_hat=2.3411  CI=[2.324, 2.410]  p=0.192  beta_M=-0.2779  beta_T=-0.1336  n=1766
  log_gdppc           : c_hat=9.9355  CI=[9.843, 9.935]  p=0.012  beta_M=-0.0977  beta_T=-0.4453  n=1413

Sanity check log_real_wage c_hat=10.1402 vs Phase9=9.97 → deviation=0.1702 [WARN]

Wrote /Volumes/BIGDATA/HYDE35/analysis/output/long_shadow_fertility/phase10_threshold_grid.json
log_real_wage c_hat: 10.140230685738777
=== [14:27:18] Phase 10 country thresholds ===
Loading panel...
  Main panel shape: (7209, 32)
  Columns: ['iso3', 'year', 'log_cbr', 'births', 'population', 'source', 't_growing', 'p_growing', 't_winter', 'p_winter', 'vol_t_10y', 'vol_p_10y', 't_anom_c_within_season_sd', 'p_anom_mm_within_season_sd', 'ensstd_t_growing', 'ensstd_p_growing', 't_growing_rolling10_sd', 'p_growing_rolling10_sd', 'spei_growing', 'spei_winter', 'spei_annual', 'gdppc', 'log_gdppc', 'war_active', 'log_war_fatalities', 'pandemic_active', 'disaster_count', 'log_disaster_deaths', 'heat_extreme', 'drought', 'is_eruption_year', 'years_to_nearest_eruption']
Loading real wage panel...
  log_real_wage non-null after merge: 3986
  iso3 values: ['BEL', 'CHE', 'DNK', 'ESP', 'FIN', 'FRA', 'GBR', 'ISL', 'ITA', 'NLD', 'NOR', 'SWE']
  log_cbr: 2362 non-null
  t_growing: 7056 non-null
  log_real_wage: 3986 non-null

Running pooled Hansen threshold regression (n_boot=500)...
  Done in 219.1s
  c_hat = 10.1402
  beta_M = -0.0601, beta_T = -0.3879
  sup-Wald p = 0.0020

Running per-country Hansen threshold regression (n_boot=500, min_obs=80)...
  (This step takes ~20-40 min; one country at a time)
  Done in 468.0s

=== By country ===
  BEL: c=10.0114  beta_M=-0.0491  beta_T=-0.4338  p=1.0000  n=169
  CHE: c=10.2734  beta_M=0.0448  beta_T=-0.3364  p=1.0000  n=95
  DNK: c=10.2891  beta_M=0.0129  beta_T=-0.2361  p=1.0000  n=95
  ESP: c=9.5272  beta_M=-0.0112  beta_T=-0.6299  p=1.0000  n=95
  FIN: c=10.1103  beta_M=0.0109  beta_T=-0.3655  p=1.0000  n=95
  FRA: c=10.0668  beta_M=-0.0297  beta_T=-0.3838  p=1.0000  n=187
  GBR: c=9.0823  beta_M=-0.0661  beta_T=-0.4235  p=1.0000  n=465
  ISL: c=10.1830  beta_M=-0.0162  beta_T=-0.3701  p=1.0000  n=95
  ITA: c=10.0087  beta_M=-0.1659  beta_T=-0.7828  p=1.0000  n=147
  NLD: c=10.0944  beta_M=-0.0558  beta_T=-0.5135  p=1.0000  n=156
  NOR: c=10.2846  beta_M=-0.0249  beta_T=-0.2212  p=1.0000  n=95
  SWE: c=10.2109  beta_M=0.0008  beta_T=-0.2088  p=1.0000  n=95

=== Heterogeneity diagnostic ===
  Mean c_hat = 10.0118
  SD c_hat   = 0.3576
  Pooled c   = 10.1402
  z vs pooled = -1.2435
  p-value    = 0.2137

Wrote /Volumes/BIGDATA/HYDE35/analysis/output/long_shadow_fertility/phase10_country_thresholds.json
Total elapsed: 687.2s
=== [14:38:47] Phase 10 boundary diagnostic ===
Loaded panel: 7209 rows, columns: ['iso3', 'year', 'log_cbr', 'births', 'population', 'source', 't_growing', 'p_growing', 't_winter', 'p_winter', 'vol_t_10y', 'vol_p_10y', 't_anom_c_within_season_sd', 'p_anom_mm_within_season_sd', 'ensstd_t_growing', 'ensstd_p_growing', 't_growing_rolling10_sd', 'p_growing_rolling10_sd', 'spei_growing', 'spei_winter', 'spei_annual', 'gdppc', 'log_gdppc', 'war_active', 'log_war_fatalities', 'pandemic_active', 'disaster_count', 'log_disaster_deaths', 'heat_extreme', 'drought', 'is_eruption_year', 'years_to_nearest_eruption']
iso3 values: ['BEL', 'CHE', 'DNK', 'ESP', 'FIN', 'FRA', 'GBR', 'ISL', 'ITA', 'NLD', 'NOR', 'SWE']
Year range: 1421 - 2022
  BEL: 137 jumps, 3 near territorial changes, not explained: [1422, 1436, 1437, 1482, 1489, 1494, 1502, 1503, 1520, 1521, 1531, 1533, 1534, 1539, 1549, 1550, 1564, 1565, 1573, 1578, 1591, 1593, 1597, 1610, 1615, 1623, 1624, 1629, 1643, 1644, 1670, 1699, 1700, 1701, 1702, 1706, 1710, 1711, 1719, 1730, 1734, 1740, 1741, 1744, 1746, 1747, 1748, 1755, 1756, 1759, 1762, 1763, 1771, 1772, 1782, 1784, 1785, 1787, 1794, 1796, 1800, 1801, 1802, 1803, 1804, 1814, 1817, 1818, 1820, 1821, 1823, 1837, 1841, 1842, 1844, 1846, 1847, 1853, 1858, 1859, 1863, 1865, 1867, 1869, 1870, 1871, 1874, 1875, 1878, 1884, 1887, 1888, 1889, 1890, 1892, 1894, 1895, 1902, 1906, 1907, 1913, 1917, 1918, 1921, 1922, 1927, 1929, 1930, 1931, 1938, 1941, 1942, 1944, 1945, 1949, 1950, 1952, 1953, 1959, 1961, 1962, 1967, 1975, 1977, 1986, 1988, 1991, 1992, 1993, 1998, 2002, 2003, 2006, 2008]
  CHE: 141 jumps, 0 near territorial changes, not explained: [1425, 1434, 1435, 1473, 1474, 1481, 1482, 1485, 1489, 1499, 1500, 1502, 1503, 1506, 1520, 1521, 1531, 1547, 1548, 1562, 1564, 1565, 1566, 1569, 1573, 1576, 1577, 1583, 1587, 1611, 1612, 1617, 1619, 1621, 1622, 1623, 1624, 1628, 1630, 1639, 1641, 1643, 1645, 1653, 1654, 1659, 1667, 1668, 1669, 1670, 1671, 1680, 1681, 1684, 1690, 1691, 1698, 1700, 1701, 1702, 1705, 1706, 1710, 1711, 1712, 1714, 1722, 1723, 1724, 1730, 1746, 1747, 1755, 1756, 1759, 1761, 1762, 1771, 1778, 1780, 1784, 1794, 1795, 1798, 1800, 1801, 1803, 1804, 1823, 1833, 1834, 1837, 1838, 1839, 1842, 1847, 1848, 1852, 1857, 1858, 1859, 1865, 1867, 1868, 1874, 1875, 1877, 1878, 1879, 1902, 1903, 1912, 1913, 1917, 1918, 1919, 1927, 1928, 1931, 1936, 1940, 1947, 1948, 1951, 1952, 1953, 1956, 1959, 1960, 1962, 1966, 1977, 1981, 1987, 1988, 1991, 1992, 2003, 2004, 2006, 2008]
  DNK: 122 jumps, 0 near territorial changes, not explained: [1429, 1437, 1442, 1443, 1451, 1452, 1464, 1502, 1533, 1534, 1556, 1574, 1575, 1576, 1578, 1579, 1590, 1591, 1594, 1610, 1615, 1616, 1629, 1632, 1636, 1639, 1643, 1644, 1649, 1654, 1655, 1658, 1659, 1667, 1670, 1684, 1685, 1701, 1703, 1726, 1728, 1729, 1734, 1741, 1743, 1744, 1750, 1752, 1753, 1755, 1762, 1763, 1764, 1765, 1771, 1772, 1781, 1794, 1796, 1800, 1801, 1804, 1812, 1821, 1822, 1825, 1834, 1843, 1844, 1845, 1848, 1849, 1854, 1855, 1859, 1861, 1867, 1869, 1870, 1875, 1882, 1884, 1886, 1889, 1890, 1894, 1895, 1905, 1906, 1913, 1914, 1915, 1917, 1918, 1923, 1927, 1928, 1929, 1930, 1940, 1942, 1945, 1946, 1950, 1952, 1953, 1955, 1956, 1959, 1961, 1963, 1967, 1968, 1970, 1971, 1986, 1991, 1993, 1998, 2004, 2006, 2008]
  ESP: 124 jumps, 8 near territorial changes, not explained: [1425, 1434, 1435, 1436, 1441, 1442, 1443, 1462, 1463, 1464, 1465, 1466, 1501, 1505, 1516, 1517, 1521, 1525, 1534, 1535, 1536, 1544, 1554, 1562, 1568, 1570, 1572, 1587, 1588, 1592, 1603, 1605, 1610, 1615, 1621, 1622, 1625, 1627, 1628, 1642, 1654, 1659, 1660, 1662, 1667, 1668, 1677, 1684, 1687, 1688, 1691, 1727, 1731, 1749, 1755, 1756, 1765, 1768, 1769, 1770, 1784, 1787, 1794, 1796, 1804, 1805, 1808, 1819, 1824, 1838, 1840, 1843, 1847, 1850, 1858, 1861, 1865, 1866, 1867, 1869, 1870, 1872, 1875, 1876, 1882, 1883, 1889, 1910, 1911, 1912, 1913, 1914, 1915, 1917, 1922, 1925, 1926, 1929, 1933, 1943, 1944, 1945, 1946, 1954, 1966, 1968, 1969, 1979, 1980, 1981, 1983, 1984, 1985, 1989, 1993, 2000]
  FIN: 122 jumps, 0 near territorial changes, not explained: [1429, 1430, 1439, 1468, 1476, 1478, 1519, 1520, 1521, 1534, 1535, 1540, 1554, 1556, 1565, 1566, 1575, 1576, 1581, 1591, 1592, 1610, 1611, 1612, 1613, 1617, 1623, 1628, 1629, 1636, 1639, 1643, 1652, 1653, 1655, 1656, 1662, 1663, 1664, 1688, 1690, 1691, 1692, 1709, 1718, 1719, 1739, 1749, 1758, 1761, 1762, 1768, 1771, 1772, 1782, 1785, 1791, 1794, 1801, 1804, 1806, 1811, 1813, 1818, 1820, 1821, 1823, 1824, 1825, 1827, 1828, 1830, 1832, 1837, 1839, 1845, 1846, 1851, 1853, 1861, 1876, 1877, 1886, 1889, 1890, 1894, 1895, 1899, 1900, 1909, 1914, 1918, 1921, 1922, 1923, 1926, 1927, 1932, 1938, 1941, 1942, 1944, 1946, 1949, 1952, 1955, 1956, 1964, 1965, 1967, 1972, 1973, 1974, 1985, 1986, 1987, 1988, 1989, 1994, 1998, 1999, 2000]
  FRA: 135 jumps, 14 near territorial changes, not explained: [1422, 1435, 1463, 1464, 1474, 1484, 1485, 1488, 1489, 1494, 1499, 1500, 1502, 1519, 1520, 1521, 1531, 1533, 1534, 1543, 1548, 1549, 1557, 1562, 1564, 1565, 1573, 1586, 1587, 1591, 1592, 1596, 1602, 1608, 1617, 1621, 1622, 1623, 1630, 1631, 1643, 1645, 1653, 1654, 1658, 1659, 1667, 1668, 1670, 1677, 1680, 1681, 1684, 1686, 1691, 1698, 1700, 1701, 1702, 1705, 1706, 1712, 1719, 1723, 1725, 1726, 1740, 1747, 1755, 1756, 1759, 1761, 1762, 1763, 1768, 1780, 1782, 1795, 1800, 1801, 1823, 1833, 1835, 1837, 1838, 1841, 1842, 1847, 1848, 1853, 1854, 1877, 1878, 1893, 1902, 1903, 1906, 1910, 1911, 1913, 1927, 1931, 1941, 1942, 1944, 1949, 1952, 1953, 1960, 1962, 1974, 1977, 1983, 1988, 1989, 1991, 1992, 2003, 2004, 2006, 2008]
  GBR: 107 jumps, 4 near territorial changes, not explained: [1422, 1437, 1451, 1464, 1494, 1502, 1529, 1530, 1533, 1534, 1539, 1587, 1590, 1591, 1597, 1615, 1629, 1670, 1679, 1701, 1719, 1727, 1729, 1730, 1737, 1743, 1744, 1747, 1748, 1755, 1756, 1758, 1759, 1762, 1763, 1765, 1772, 1781, 1782, 1785, 1787, 1788, 1792, 1793, 1794, 1807, 1814, 1815, 1817, 1821, 1823, 1829, 1831, 1833, 1834, 1837, 1838, 1840, 1842, 1849, 1852, 1853, 1854, 1858, 1862, 1865, 1866, 1869, 1870, 1878, 1879, 1886, 1887, 1888, 1889, 1892, 1893, 1900, 1913, 1929, 1930, 1932, 1933, 1940, 1942, 1945, 1946, 1949, 1952, 1953, 1955, 1959, 1960, 1962, 1970, 1977, 1978, 1983, 1984, 1988, 1989, 2006, 2008]
  ISL: 84 jumps, 0 near territorial changes, not explained: [1519, 1520, 1525, 1567, 1598, 1602, 1633, 1649, 1652, 1653, 1665, 1668, 1694, 1703, 1704, 1749, 1754, 1782, 1783, 1787, 1788, 1797, 1817, 1824, 1825, 1826, 1830, 1836, 1843, 1845, 1847, 1848, 1850, 1853, 1859, 1860, 1876, 1877, 1880, 1882, 1883, 1885, 1887, 1892, 1893, 1899, 1900, 1901, 1906, 1911, 1917, 1918, 1922, 1923, 1924, 1926, 1927, 1933, 1938, 1939, 1942, 1949, 1950, 1951, 1952, 1953, 1958, 1959, 1961, 1965, 1971, 1974, 1975, 1976, 1977, 1979, 1980, 1982, 1988, 1989, 1990, 2003, 2004, 2005]
  ITA: 108 jumps, 6 near territorial changes, not explained: [1425, 1434, 1435, 1459, 1473, 1474, 1506, 1518, 1520, 1521, 1526, 1529, 1530, 1548, 1562, 1565, 1573, 1576, 1587, 1594, 1595, 1601, 1602, 1619, 1620, 1627, 1631, 1632, 1639, 1648, 1653, 1654, 1659, 1667, 1668, 1669, 1670, 1675, 1684, 1698, 1699, 1702, 1714, 1715, 1722, 1723, 1743, 1746, 1747, 1755, 1756, 1757, 1778, 1784, 1787, 1796, 1798, 1800, 1813, 1833, 1834, 1838, 1847, 1848, 1850, 1851, 1852, 1853, 1876, 1879, 1883, 1884, 1885, 1886, 1902, 1903, 1912, 1925, 1926, 1927, 1928, 1929, 1931, 1933, 1936, 1938, 1948, 1951, 1952, 1955, 1959, 1977, 1979, 1981, 1987, 1988, 1991, 1992, 2000, 2003, 2004, 2008]
  NLD: 123 jumps, 2 near territorial changes, not explained: [1422, 1436, 1437, 1482, 1489, 1502, 1503, 1520, 1521, 1531, 1533, 1538, 1539, 1564, 1575, 1578, 1591, 1593, 1597, 1610, 1615, 1623, 1629, 1670, 1693, 1694, 1700, 1701, 1706, 1710, 1719, 1726, 1729, 1730, 1734, 1740, 1741, 1746, 1747, 1748, 1750, 1755, 1756, 1762, 1763, 1771, 1772, 1781, 1785, 1787, 1794, 1796, 1800, 1801, 1803, 1804, 1814, 1817, 1819, 1820, 1821, 1822, 1823, 1841, 1842, 1846, 1847, 1853, 1858, 1859, 1865, 1867, 1869, 1870, 1871, 1875, 1878, 1884, 1889, 1890, 1892, 1894, 1895, 1896, 1902, 1906, 1907, 1913, 1917, 1918, 1921, 1922, 1929, 1930, 1931, 1941, 1942, 1944, 1945, 1949, 1950, 1952, 1953, 1954, 1959, 1961, 1962, 1967, 1970, 1975, 1976, 1977, 1986, 1988, 1991, 1992, 1993, 1998, 2002, 2006, 2008]
  NOR: 128 jumps, 0 near territorial changes, not explained: [1429, 1444, 1451, 1452, 1461, 1519, 1520, 1530, 1535, 1536, 1537, 1538, 1547, 1550, 1556, 1573, 1574, 1575, 1576, 1578, 1586, 1591, 1610, 1615, 1627, 1629, 1630, 1636, 1637, 1640, 1645, 1655, 1656, 1659, 1664, 1666, 1667, 1672, 1681, 1692, 1706, 1707, 1709, 1726, 1728, 1739, 1743, 1744, 1745, 1750, 1752, 1753, 1755, 1757, 1765, 1766, 1767, 1771, 1772, 1780, 1781, 1791, 1794, 1804, 1818, 1819, 1821, 1823, 1824, 1825, 1826, 1832, 1837, 1840, 1843, 1844, 1845, 1846, 1855, 1861, 1876, 1882, 1884, 1888, 1889, 1890, 1891, 1894, 1905, 1906, 1911, 1913, 1914, 1915, 1917, 1918, 1919, 1920, 1921, 1922, 1923, 1927, 1928, 1932, 1933, 1936, 1942, 1950, 1951, 1955, 1956, 1959, 1967, 1971, 1977, 1981, 1982, 1984, 1986, 1987, 1989, 1995, 1996, 1998, 1999, 2001, 2002, 2008]
  SWE: 113 jumps, 5 near territorial changes, not explained: [1429, 1444, 1452, 1461, 1476, 1520, 1530, 1535, 1536, 1544, 1550, 1556, 1573, 1574, 1575, 1576, 1578, 1591, 1610, 1613, 1615, 1616, 1617, 1627, 1628, 1629, 1630, 1636, 1637, 1640, 1645, 1655, 1656, 1659, 1672, 1688, 1692, 1706, 1707, 1709, 1718, 1719, 1726, 1728, 1739, 1743, 1745, 1750, 1753, 1755, 1762, 1765, 1771, 1772, 1780, 1781, 1791, 1794, 1800, 1821, 1823, 1824, 1826, 1832, 1834, 1837, 1844, 1845, 1846, 1851, 1861, 1868, 1876, 1888, 1889, 1890, 1894, 1899, 1913, 1914, 1915, 1917, 1918, 1921, 1922, 1923, 1927, 1928, 1932, 1942, 1950, 1951, 1955, 1956, 1959, 1965, 1967, 1971, 1984, 1985, 1986, 1987, 1995, 1996, 1998, 1999, 2001, 2002]

Total jumps: 1444, near known changes: 42, fraction: 0.029
Null mean: 0.030, p-value: 0.659

Output written to: /Volumes/BIGDATA/HYDE35/analysis/output/long_shadow_fertility/phase10_country_boundary_diagnostic.json
{
  "by_country": {
    "BEL": {
      "large_jump_years": [
        1422,
        1436,
        1437,
        1482,
        1489,
        1494,
        1502,
        1503,
        1520,
        1521,
        1531,
        1533,
        1534,
        1539,
        1549,
        1550,
        1564,
        1565,
        1573,
        1578,
        1591,
        1593,
        1597,
        1610,
        1615,
        1623,
        1624,
        1629,
        1643,
        1644,
        1670,
        1699,
        1700,
        1701,
        1702,
        1706,
        1710,
        1711,
        1719,
        1730,
        1734,
        1740,
        1741,
        1744,
        1746,
        1747,
        1748,
        1755,
        1756,
        1759,
        1762,
        1763,
        1771,
        1772,
        1782,
        1784,
        1785,
        1787,
        1794,
        1796,
        1800,
        1801,
        1802,
        1803,
        1804,
        1814,
        1817,
        1818,
        1820,
        1821,
        1823,
        1833,
        1834,
        1835,
        1837,
        1841,
        1842,
        1844,
        1846,
        1847,
        1853,
        1858,
        1859,
        1863,
        1865,
        1867,
        1869,
        1870,
        1871,
        1874,
        1875,
        1878,
        1884,
        1887,
        1888,
        1889,
        1890,
        1892,
        1894,
        1895,
        1902,
        1906,
        1907,
        1913,
        1917,
        1918,
        1921,
        1922,
        1927,
        1929,
        1930,
        1931,
        1938,
        1941,
        1942,
        1944,
        1945,
        1949,
        1950,
        1952,
        1953,
        1959,
        1961,
        1962,
        1967,
        1975,
        1977,
        1986,
        1988,
        1991,
        1992,
        1993,
        1998,
        2002,
        2003,
        2006,
        2008
      ],
      "jumps_near_known_changes": [
        1833,
        1834,
        1835
      ],
      "jumps_not_explained": [
        1422,
        1436,
        1437,
        1482,
        1489,
        1494,
        1502,
        1503,
        1520,
        1521,
        1531,
        1533,
        1534,
        1539,
        1549,
        1550,
        1564,
        1565,
        1573,
        1578,
        1591,
        1593,
        1597,
        1610,
        1615,
        1623,
        1624,
        1629,
        1643,
        1644,
        1670,
        1699,
        1700,
        1701,
        1702,
        1706,
        1710,
        1711,
        1719,
        1730,
        1734,
        1740,
        1741,
        1744,
        1746,
        1747,
        1748,
        1755,
        1756,
        1759,
        1762,
        1763,
        1771,
        1772,
        1782,
        1784,
        1785,
        1787,
        1794,
        1796,
        1800,
        1801,
        1802,
        1803,
        1804,
        1814,
        1817,
        1818,
        1820,
        1821,
        1823,
        1837,
        1841,
        1842,
        1844,
        1846,
        1847,
        1853,
        1858,
        1859,
        1863,
        1865,
        1867,
        1869,
        1870,
        1871,
        1874,
        1875,
        1878,
        1884,
        1887,
        1888,
        1889,
        1890,
        1892,
        1894,
        1895,
        1902,
        1906,
        1907,
        1913,
        1917,
        1918,
        1921,
        1922,
        1927,
        1929,
        1930,
        1931,
        1938,
        1941,
        1942,
        1944,
        1945,
        1949,
        1950,
        1952,
        1953,
        1959,
        1961,
        1962,
        1967,
        1975,
        1977,
        1986,
        1988,
        1991,
        1992,
        1993,
        1998,
        2002,
        2003,
        2006,
        2008
      ],
      "known_changes_used": [
        1830
      ]
    },
    "CHE": {
      "large_jump_years": [
        1425,
        1434,
        1435,
        1473,
        1474,
        1481,
        1482,
        1485,
        1489,
        1499,
        1500,
        1502,
        1503,
        1506,
        1520,
        1521,
        1531,
        1547,
        1548,
        1562,
        1564,
        1565,
        1566,
        1569,
        1573,
        1576,
        1577,
        1583,
        1587,
        1611,
        1612,
        1617,
        1619,
        1621,
        1622,
        1623,
        1624,
        1628,
        1630,
        1639,
        1641,
        1643,
        1645,
        1653,
        1654,
        1659,
        1667,
        1668,
        1669,
        1670,
        1671,
        1680,
        1681,
        1684,
        1690,
        1691,
        1698,
        1700,
        1701,
        1702,
        1705,
        1706,
        1710,
        1711,
        1712,
        1714,
        1722,
        1723,
        1724,
        1730,
        1746,
        1747,
        1755,
        1756,
        1759,
        1761,
        1762,
        1771,
        1778,
        1780,
        1784,
        1794,
        1795,
        1798,
        1800,
        1801,
        1803,
        1804,
        1823,
        1833,
        1834,
        1837,
        1838,
        1839,
        1842,
        1847,
        1848,
        1852,
        1857,
        1858,
        1859,
        1865,
        1867,
        1868,
        1874,
        1875,
        1877,
        1878,
        1879,
        1902,
        1903,
        1912,
        1913,
        1917,
        1918,
        1919,
        1927,
        1928,
        1931,
        1936,
        1940,
        1947,
        1948,
        1951,
        1952,
        1953,
        1956,
        1959,
        1960,
        1962,
        1966,
        1977,
        1981,
        1987,
        1988,
        1991,
        1992,
        2003,
        2004,
        2006,
        2008
      ],
      "jumps_near_known_changes": [],
      "jumps_not_explained": [
        1425,
        1434,
        1435,
        1473,
        1474,
        1481,
        1482,
        1485,
        1489,
        1499,
        1500,
        1502,
        1503,
        1506,
        1520,
        1521,
        1531,
        1547,
        1548,
        1562,
        1564,
        1565,
        1566,
        1569,
        1573,
        1576,
        1577,
        1583,
        1587,
        1611,
        1612,
        1617,
        1619,
        1621,
        1622,
        1623,
        1624,
        1628,
        1630,
        1639,
        1641,
        1643,
        1645,
        1653,
        1654,
        1659,
        1667,
        1668,
        1669,
        1670,
        1671,
        1680,
        1681,
        1684,
        1690,
        1691,
        1698,
        1700,
        1701,
        1702,
        1705,
        1706,
        1710,
        1711,
        1712,
        1714,
        1722,
        1723,
        1724,
        1730,
        1746,
        1747,
        1755,
        1756,
        1759,
        1761,
        1762,
        1771,
        1778,
        1780,
        1784,
        1794,
        1795,
        1798,
        1800,
        1801,
        1803,
        1804,
        1823,
        1833,
        1834,
        1837,
        1838,
        1839,
        1842,
        1847,
        1848,
        1852,
        1857,
        1858,
        1859,
        1865,
        1867,
        1868,
        1874,
        1875,
        1877,
        1878,
        1879,
        1902,
        1903,
        1912,
        1913,
        1917,
        1918,
        1919,
        1927,
        1928,
        1931,
        1936,
        1940,
        1947,
        1948,
        1951,
        1952,
        1953,
        1956,
        1959,
        1960,
        1962,
        1966,
        1977,
        1981,
        1987,
        1988,
        1991,
        1992,
        2003,
        2004,
        2006,
        2008
      ],
      "known_changes_used": []
    },
    "DNK": {
      "large_jump_years": [
        1429,
        1437,
        1442,
        1443,
        1451,
        1452,
        1464,
        1502,
        1533,
        1534,
        1556,
        1574,
        1575,
        1576,
        1578,
        1579,
        1590,
        1591,
        1594,
        1610,
        1615,
        1616,
        1629,
        1632,
        1636,
        1639,
        1643,
        1644,
        1649,
        1654,
        1655,
        1658,
        1659,
        1667,
        1670,
        1684,
        1685,
        1701,
        1703,
        1726,
        1728,
        1729,
        1734,
        1741,
        1743,
        1744,
        1750,
        1752,
        1753,
        1755,
        1762,
        1763,
        1764,
        1765,
        1771,
        1772,
        1781,
        1794,
        1796,
        1800,
        1801,
        1804,
        1812,
        1821,
        1822,
        1825,
        1834,
        1843,
        1844,
        1845,
        1848,
        1849,
        1854,
        1855,
        1859,
        1861,
        1867,
        1869,
        1870,
        1875,
        1882,
        1884,
        1886,
        1889,
        1890,
        1894,
        1895,
        1905,
        1906,
        1913,
        1914,
        1915,
        1917,
        1918,
        1923,
        1927,
        1928,
        1929,
        1930,
        1940,
        1942,
        1945,
        1946,
        1950,
        1952,
        1953,
        1955,
        1956,
        1959,
        1961,
        1963,
        1967,
        1968,
        1970,
        1971,
        1986,
        1991,
        1993,
        1998,
        2004,
        2006,
        2008
      ],
      "jumps_near_known_changes": [],
      "jumps_not_explained": [
        1429,
        1437,
        1442,
        1443,
        1451,
        1452,
        1464,
        1502,
        1533,
        1534,
        1556,
        1574,
        1575,
        1576,
        1578,
        1579,
        1590,
        1591,
        1594,
        1610,
        1615,
        1616,
        1629,
        1632,
        1636,
        1639,
        1643,
        1644,
        1649,
        1654,
        1655,
        1658,
        1659,
        1667,
        1670,
        1684,
        1685,
        1701,
        1703,
        1726,
        1728,
        1729,
        1734,
        1741,
        1743,
        1744,
        1750,
        1752,
        1753,
        1755,
        1762,
        1763,
        1764,
        1765,
        1771,
        1772,
        1781,
        1794,
        1796,
        1800,
        1801,
        1804,
        1812,
        1821,
        1822,
        1825,
        1834,
        1843,
        1844,
        1845,
        1848,
        1849,
        1854,
        1855,
        1859,
        1861,
        1867,
        1869,
        1870,
        1875,
        1882,
        1884,
        1886,
        1889,
        1890,
        1894,
        1895,
        1905,
        1906,
        1913,
        1914,
        1915,
        1917,
        1918,
        1923,
        1927,
        1928,
        1929,
        1930,
        1940,
        1942,
        1945,
        1946,
        1950,
        1952,
        1953,
        1955,
        1956,
        1959,
        1961,
        1963,
        1967,
        1968,
        1970,
        1971,
        1986,
        1991,
        1993,
        1998,
        2004,
        2006,
        2008
      ],
      "known_changes_used": []
    },
    "ESP": {
      "large_jump_years": [
        1425,
        1434,
        1435,
        1436,
        1441,
        1442,
        1443,
        1462,
        1463,
        1464,
        1465,
        1466,
        1501,
        1505,
        1516,
        1517,
        1521,
        1525,
        1534,
        1535,
        1536,
        1544,
        1554,
        1562,
        1568,
        1570,
        1572,
        1587,
        1588,
        1592,
        1603,
        1605,
        1610,
        1615,
        1621,
        1622,
        1625,
        1627,
        1628,
        1642,
        1654,
        1659,
        1660,
        1662,
        1667,
        1668,
        1677,
        1684,
        1687,
        1688,
        1691,
        1698,
        1699,
        1705,
        1714,
        1715,
        1716,
        1717,
        1718,
        1727,
        1731,
        1749,
        1755,
        1756,
        1765,
        1768,
        1769,
        1770,
        1784,
        1787,
        1794,
        1796,
        1804,
        1805,
        1808,
        1819,
        1824,
        1838,
        1840,
        1843,
        1847,
        1850,
        1858,
        1861,
        1865,
        1866,
        1867,
        1869,
        1870,
        1872,
        1875,
        1876,
        1882,
        1883,
        1889,
        1910,
        1911,
        1912,
        1913,
        1914,
        1915,
        1917,
        1922,
        1925,
        1926,
        1929,
        1933,
        1943,
        1944,
        1945,
        1946,
        1954,
        1966,
        1968,
        1969,
        1979,
        1980,
        1981,
        1983,
        1984,
        1985,
        1989,
        1993,
        2000
      ],
      "jumps_near_known_changes": [
        1698,
        1699,
        1705,
        1714,
        1715,
        1716,
        1717,
        1718
      ],
      "jumps_not_explained": [
        1425,
        1434,
        1435,
        1436,
        1441,
        1442,
        1443,
        1462,
        1463,
        1464,
        1465,
        1466,
        1501,
        1505,
        1516,
        1517,
        1521,
        1525,
        1534,
        1535,
        1536,
        1544,
        1554,
        1562,
        1568,
        1570,
        1572,
        1587,
        1588,
        1592,
        1603,
        1605,
        1610,
        1615,
        1621,
        1622,
        1625,
        1627,
        1628,
        1642,
        1654,
        1659,
        1660,
        1662,
        1667,
        1668,
        1677,
        1684,
        1687,
        1688,
        1691,
        1727,
        1731,
        1749,
        1755,
        1756,
        1765,
        1768,
        1769,
        1770,
        1784,
        1787,
        1794,
        1796,
        1804,
        1805,
        1808,
        1819,
        1824,
        1838,
        1840,
        1843,
        1847,
        1850,
        1858,
        1861,
        1865,
        1866,
        1867,
        1869,
        1870,
        1872,
        1875,
        1876,
        1882,
        1883,
        1889,
        1910,
        1911,
        1912,
        1913,
        1914,
        1915,
        1917,
        1922,
        1925,
        1926,
        1929,
        1933,
        1943,
        1944,
        1945,
        1946,
        1954,
        1966,
        1968,
        1969,
        1979,
        1980,
        1981,
        1983,
        1984,
        1985,
        1989,
        1993,
        2000
      ],
      "known_changes_used": [
        1700,
        1714,
        1898
      ]
    },
    "FIN": {
      "large_jump_years": [
        1429,
        1430,
        1439,
        1468,
        1476,
        1478,
        1519,
        1520,
        1521,
        1534,
        1535,
        1540,
        1554,
        1556,
        1565,
        1566,
        1575,
        1576,
        1581,
        1591,
        1592,
        1610,
        1611,
        1612,
        1613,
        1617,
        1623,
        1628,
        1629,
        1636,
        1639,
        1643,
        1652,
        1653,
        1655,
        1656,
        1662,
        1663,
        1664,
        1688,
        1690,
        1691,
        1692,
        1709,
        1718,
        1719,
        1739,
        1749,
        1758,
        1761,
        1762,
        1768,
        1771,
        1772,
        1782,
        1785,
        1791,
        1794,
        1801,
        1804,
        1806,
        1811,
        1813,
        1818,
        1820,
        1821,
        1823,
        1824,
        1825,
        1827,
        1828,
        1830,
        1832,
        1837,
        1839,
        1845,
        1846,
        1851,
        1853,
        1861,
        1876,
        1877,
        1886,
        1889,
        1890,
        1894,
        1895,
        1899,
        1900,
        1909,
        1914,
        1918,
        1921,
        1922,
        1923,
        1926,
        1927,
        1932,
        1938,
        1941,
        1942,
        1944,
        1946,
        1949,
        1952,
        1955,
        1956,
        1964,
        1965,
        1967,
        1972,
        1973,
        1974,
        1985,
        1986,
        1987,
        1988,
        1989,
        1994,
        1998,
        1999,
        2000
      ],
      "jumps_near_known_changes": [],
      "jumps_not_explained": [
        1429,
        1430,
        1439,
        1468,
        1476,
        1478,
        1519,
        1520,
        1521,
        1534,
        1535,
        1540,
        1554,
        1556,
        1565,
        1566,
        1575,
        1576,
        1581,
        1591,
        1592,
        1610,
        1611,
        1612,
        1613,
        1617,
        1623,
        1628,
        1629,
        1636,
        1639,
        1643,
        1652,
        1653,
        1655,
        1656,
        1662,
        1663,
        1664,
        1688,
        1690,
        1691,
        1692,
        1709,
        1718,
        1719,
        1739,
        1749,
        1758,
        1761,
        1762,
        1768,
        1771,
        1772,
        1782,
        1785,
        1791,
        1794,
        1801,
        1804,
        1806,
        1811,
        1813,
        1818,
        1820,
        1821,
        1823,
        1824,
        1825,
        1827,
        1828,
        1830,
        1832,
        1837,
        1839,
        1845,
        1846,
        1851,
        1853,
        1861,
        1876,
        1877,
        1886,
        1889,
        1890,
        1894,
        1895,
        1899,
        1900,
        1909,
        1914,
        1918,
        1921,
        1922,
        1923,
        1926,
        1927,
        1932,
        1938,
        1941,
        1942,
        1944,
        1946,
        1949,
        1952,
        1955,
        1956,
        1964,
        1965,
        1967,
        1972,
        1973,
        1974,
        1985,
        1986,
        1987,
        1988,
        1989,
        1994,
        1998,
        1999,
        2000
      ],
      "known_changes_used": []
    },
    "FRA": {
      "large_jump_years": [
        1422,
        1435,
        1463,
        1464,
        1474,
        1484,
        1485,
        1488,
        1489,
        1494,
        1499,
        1500,
        1502,
        1519,
        1520,
        1521,
        1531,
        1533,
        1534,
        1543,
        1548,
        1549,
        1557,
        1562,
        1564,
        1565,
        1573,
        1586,
        1587,
        1591,
        1592,
        1596,
        1602,
        1608,
        1617,
        1621,
        1622,
        1623,
        1630,
        1631,
        1643,
        1645,
        1653,
        1654,
        1658,
        1659,
        1667,
        1668,
        1670,
        1677,
        1680,
        1681,
        1684,
        1686,
        1691,
        1698,
        1700,
        1701,
        1702,
        1705,
        1706,
        1712,
        1719,
        1723,
        1725,
        1726,
        1740,
        1747,
        1755,
        1756,
        1759,
        1761,
        1762,
        1763,
        1768,
        1780,
        1782,
        1784,
        1787,
        1794,
        1795,
        1800,
        1801,
        1823,
        1833,
        1835,
        1837,
        1838,
        1841,
        1842,
        1847,
        1848,
        1853,
        1854,
        1857,
        1858,
        1859,
        1862,
        1863,
        1865,
        1874,
        1877,
        1878,
        1893,
        1902,
        1903,
        1906,
        1910,
        1911,
        1913,
        1914,
        1917,
        1918,
        1919,
        1927,
        1931,
        1941,
        1942,
        1944,
        1949,
        1952,
        1953,
        1960,
        1962,
        1974,
        1977,
        1983,
        1988,
        1989,
        1991,
        1992,
        2003,
        2004,
        2006,
        2008
      ],
      "jumps_near_known_changes": [
        1784,
        1787,
        1794,
        1857,
        1858,
        1859,
        1862,
        1863,
        1865,
        1874,
        1914,
        1917,
        1918,
        1919
      ],
      "jumps_not_explained": [
        1422,
        1435,
        1463,
        1464,
        1474,
        1484,
        1485,
        1488,
        1489,
        1494,
        1499,
        1500,
        1502,
        1519,
        1520,
        1521,
        1531,
        1533,
        1534,
        1543,
        1548,
        1549,
        1557,
        1562,
        1564,
        1565,
        1573,
        1586,
        1587,
        1591,
        1592,
        1596,
        1602,
        1608,
        1617,
        1621,
        1622,
        1623,
        1630,
        1631,
        1643,
        1645,
        1653,
        1654,
        1658,
        1659,
        1667,
        1668,
        1670,
        1677,
        1680,
        1681,
        1684,
        1686,
        1691,
        1698,
        1700,
        1701,
        1702,
        1705,
        1706,
        1712,
        1719,
        1723,
        1725,
        1726,
        1740,
        1747,
        1755,
        1756,
        1759,
        1761,
        1762,
        1763,
        1768,
        1780,
        1782,
        1795,
        1800,
        1801,
        1823,
        1833,
        1835,
        1837,
        1838,
        1841,
        1842,
        1847,
        1848,
        1853,
        1854,
        1877,
        1878,
        1893,
        1902,
        1903,
        1906,
        1910,
        1911,
        1913,
        1927,
        1931,
        1941,
        1942,
        1944,
        1949,
        1952,
        1953,
        1960,
        1962,
        1974,
        1977,
        1983,
        1988,
        1989,
        1991,
        1992,
        2003,
        2004,
        2006,
        2008
      ],
      "known_changes_used": [
        1789,
        1815,
        1860,
        1871,
        1919
      ]
    },
    "GBR": {
      "large_jump_years": [
        1422,
        1437,
        1451,
        1464,
        1494,
        1502,
        1529,
        1530,
        1533,
        1534,
        1539,
        1587,
        1590,
        1591,
        1597,
        1615,
        1629,
        1670,
        1679,
        1701,
        1719,
        1727,
        1729,
        1730,
        1737,
        1743,
        1744,
        1747,
        1748,
        1755,
        1756,
        1758,
        1759,
        1762,
        1763,
        1765,
        1772,
        1781,
        1782,
        1785,
        1787,
        1788,
        1792,
        1793,
        1794,
        1802,
        1807,
        1814,
        1815,
        1817,
        1821,
        1823,
        1829,
        1831,
        1833,
        1834,
        1837,
        1838,
        1840,
        1842,
        1849,
        1852,
        1853,
        1854,
        1858,
        1862,
        1865,
        1866,
        1869,
        1870,
        1878,
        1879,
        1886,
        1887,
        1888,
        1889,
        1892,
        1893,
        1900,
        1913,
        1922,
        1924,
        1925,
        1929,
        1930,
        1932,
        1933,
        1940,
        1942,
        1945,
        1946,
        1949,
        1952,
        1953,
        1955,
        1959,
        1960,
        1962,
        1970,
        1977,
        1978,
        1983,
        1984,
        1988,
        1989,
        2006,
        2008
      ],
      "jumps_near_known_changes": [
        1802,
        1922,
        1924,
        1925
      ],
      "jumps_not_explained": [
        1422,
        1437,
        1451,
        1464,
        1494,
        1502,
        1529,
        1530,
        1533,
        1534,
        1539,
        1587,
        1590,
        1591,
        1597,
        1615,
        1629,
        1670,
        1679,
        1701,
        1719,
        1727,
        1729,
        1730,
        1737,
        1743,
        1744,
        1747,
        1748,
        1755,
        1756,
        1758,
        1759,
        1762,
        1763,
        1765,
        1772,
        1781,
        1782,
        1785,
        1787,
        1788,
        1792,
        1793,
        1794,
        1807,
        1814,
        1815,
        1817,
        1821,
        1823,
        1829,
        1831,
        1833,
        1834,
        1837,
        1838,
        1840,
        1842,
        1849,
        1852,
        1853,
        1854,
        1858,
        1862,
        1865,
        1866,
        1869,
        1870,
        1878,
        1879,
        1886,
        1887,
        1888,
        1889,
        1892,
        1893,
        1900,
        1913,
        1929,
        1930,
        1932,
        1933,
        1940,
        1942,
        1945,
        1946,
        1949,
        1952,
        1953,
        1955,
        1959,
        1960,
        1962,
        1970,
        1977,
        1978,
        1983,
        1984,
        1988,
        1989,
        2006,
        2008
      ],
      "known_changes_used": [
        1707,
        1801,
        1922
      ]
    },
    "ISL": {
      "large_jump_years": [
        1519,
        1520,
        1525,
        1567,
        1598,
        1602,
        1633,
        1649,
        1652,
        1653,
        1665,
        1668,
        1694,
        1703,
        1704,
        1749,
        1754,
        1782,
        1783,
        1787,
        1788,
        1797,
        1817,
        1824,
        1825,
        1826,
        1830,
        1836,
        1843,
        1845,
        1847,
        1848,
        1850,
        1853,
        1859,
        1860,
        1876,
        1877,
        1880,
        1882,
        1883,
        1885,
        1887,
        1892,
        1893,
        1899,
        1900,
        1901,
        1906,
        1911,
        1917,
        1918,
        1922,
        1923,
        1924,
        1926,
        1927,
        1933,
        1938,
        1939,
        1942,
        1949,
        1950,
        1951,
        1952,
        1953,
        1958,
        1959,
        1961,
        1965,
        1971,
        1974,
        1975,
        1976,
        1977,
        1979,
        1980,
        1982,
        1988,
        1989,
        1990,
        2003,
        2004,
        2005
      ],
      "jumps_near_known_changes": [],
      "jumps_not_explained": [
        1519,
        1520,
        1525,
        1567,
        1598,
        1602,
        1633,
        1649,
        1652,
        1653,
        1665,
        1668,
        1694,
        1703,
        1704,
        1749,
        1754,
        1782,
        1783,
        1787,
        1788,
        1797,
        1817,
        1824,
        1825,
        1826,
        1830,
        1836,
        1843,
        1845,
        1847,
        1848,
        1850,
        1853,
        1859,
        1860,
        1876,
        1877,
        1880,
        1882,
        1883,
        1885,
        1887,
        1892,
        1893,
        1899,
        1900,
        1901,
        1906,
        1911,
        1917,
        1918,
        1922,
        1923,
        1924,
        1926,
        1927,
        1933,
        1938,
        1939,
        1942,
        1949,
        1950,
        1951,
        1952,
        1953,
        1958,
        1959,
        1961,
        1965,
        1971,
        1974,
        1975,
        1976,
        1977,
        1979,
        1980,
        1982,
        1988,
        1989,
        1990,
        2003,
        2004,
        2005
      ],
      "known_changes_used": []
    },
    "ITA": {
      "large_jump_years": [
        1425,
        1434,
        1435,
        1459,
        1473,
        1474,
        1506,
        1518,
        1520,
        1521,
        1526,
        1529,
        1530,
        1548,
        1562,
        1565,
        1573,
        1576,
        1587,
        1594,
        1595,
        1601,
        1602,
        1619,
        1620,
        1627,
        1631,
        1632,
        1639,
        1648,
        1653,
        1654,
        1659,
        1667,
        1668,
        1669,
        1670,
        1675,
        1684,
        1698,
        1699,
        1702,
        1714,
        1715,
        1722,
        1723,
        1743,
        1746,
        1747,
        1755,
        1756,
        1757,
        1778,
        1784,
        1787,
        1796,
        1798,
        1800,
        1813,
        1833,
        1834,
        1838,
        1847,
        1848,
        1850,
        1851,
        1852,
        1853,
        1856,
        1857,
        1858,
        1861,
        1868,
        1874,
        1876,
        1879,
        1883,
        1884,
        1885,
        1886,
        1902,
        1903,
        1912,
        1925,
        1926,
        1927,
        1928,
        1929,
        1931,
        1933,
        1936,
        1938,
        1948,
        1951,
        1952,
        1955,
        1959,
        1977,
        1979,
        1981,
        1987,
        1988,
        1991,
        1992,
        2000,
        2003,
        2004,
        2008
      ],
      "jumps_near_known_changes": [
        1856,
        1857,
        1858,
        1861,
        1868,
        1874
      ],
      "jumps_not_explained": [
        1425,
        1434,
        1435,
        1459,
        1473,
        1474,
        1506,
        1518,
        1520,
        1521,
        1526,
        1529,
        1530,
        1548,
        1562,
        1565,
        1573,
        1576,
        1587,
        1594,
        1595,
        1601,
        1602,
        1619,
        1620,
        1627,
        1631,
        1632,
        1639,
        1648,
        1653,
        1654,
        1659,
        1667,
        1668,
        1669,
        1670,
        1675,
        1684,
        1698,
        1699,
        1702,
        1714,
        1715,
        1722,
        1723,
        1743,
        1746,
        1747,
        1755,
        1756,
        1757,
        1778,
        1784,
        1787,
        1796,
        1798,
        1800,
        1813,
        1833,
        1834,
        1838,
        1847,
        1848,
        1850,
        1851,
        1852,
        1853,
        1876,
        1879,
        1883,
        1884,
        1885,
        1886,
        1902,
        1903,
        1912,
        1925,
        1926,
        1927,
        1928,
        1929,
        1931,
        1933,
        1936,
        1938,
        1948,
        1951,
        1952,
        1955,
        1959,
        1977,
        1979,
        1981,
        1987,
        1988,
        1991,
        1992,
        2000,
        2003,
        2004,
        2008
      ],
      "known_changes_used": [
        1861,
        1870,
        1919
      ]
    },
    "NLD": {
      "large_jump_years": [
        1422,
        1436,
        1437,
        1482,
        1489,
        1502,
        1503,
        1520,
        1521,
        1531,
        1533,
        1538,
        1539,
        1564,
        1575,
        1578,
        1591,
        1593,
        1597,
        1610,
        1615,
        1623,
        1629,
        1670,
        1693,
        1694,
        1700,
        1701,
        1706,
        1710,
        1719,
        1726,
        1729,
        1730,
        1734,
        1740,
        1741,
        1746,
        1747,
        1748,
        1750,
        1755,
        1756,
        1762,
        1763,
        1771,
        1772,
        1781,
        1785,
        1787,
        1794,
        1796,
        1800,
        1801,
        1803,
        1804,
        1814,
        1817,
        1819,
        1820,
        1821,
        1822,
        1823,
        1833,
        1834,
        1841,
        1842,
        1846,
        1847,
        1853,
        1858,
        1859,
        1865,
        1867,
        1869,
        1870,
        1871,
        1875,
        1878,
        1884,
        1889,
        1890,
        1892,
        1894,
        1895,
        1896,
        1902,
        1906,
        1907,
        1913,
        1917,
        1918,
        1921,
        1922,
        1929,
        1930,
        1931,
        1941,
        1942,
        1944,
        1945,
        1949,
        1950,
        1952,
        1953,
        1954,
        1959,
        1961,
        1962,
        1967,
        1970,
        1975,
        1976,
        1977,
        1986,
        1988,
        1991,
        1992,
        1993,
        1998,
        2002,
        2006,
        2008
      ],
      "jumps_near_known_changes": [
        1833,
        1834
      ],
      "jumps_not_explained": [
        1422,
        1436,
        1437,
        1482,
        1489,
        1502,
        1503,
        1520,
        1521,
        1531,
        1533,
        1538,
        1539,
        1564,
        1575,
        1578,
        1591,
        1593,
        1597,
        1610,
        1615,
        1623,
        1629,
        1670,
        1693,
        1694,
        1700,
        1701,
        1706,
        1710,
        1719,
        1726,
        1729,
        1730,
        1734,
        1740,
        1741,
        1746,
        1747,
        1748,
        1750,
        1755,
        1756,
        1762,
        1763,
        1771,
        1772,
        1781,
        1785,
        1787,
        1794,
        1796,
        1800,
        1801,
        1803,
        1804,
        1814,
        1817,
        1819,
        1820,
        1821,
        1822,
        1823,
        1841,
        1842,
        1846,
        1847,
        1853,
        1858,
        1859,
        1865,
        1867,
        1869,
        1870,
        1871,
        1875,
        1878,
        1884,
        1889,
        1890,
        1892,
        1894,
        1895,
        1896,
        1902,
        1906,
        1907,
        1913,
        1917,
        1918,
        1921,
        1922,
        1929,
        1930,
        1931,
        1941,
        1942,
        1944,
        1945,
        1949,
        1950,
        1952,
        1953,
        1954,
        1959,
        1961,
        1962,
        1967,
        1970,
        1975,
        1976,
        1977,
        1986,
        1988,
        1991,
        1992,
        1993,
        1998,
        2002,
        2006,
        2008
      ],
      "known_changes_used": [
        1830,
        1648
      ]
    },
    "NOR": {
      "large_jump_years": [
        1429,
        1444,
        1451,
        1452,
        1461,
        1519,
        1520,
        1530,
        1535,
        1536,
        1537,
        1538,
        1547,
        1550,
        1556,
        1573,
        1574,
        1575,
        1576,
        1578,
        1586,
        1591,
        1610,
        1615,
        1627,
        1629,
        1630,
        1636,
        1637,
        1640,
        1645,
        1655,
        1656,
        1659,
        1664,
        1666,
        1667,
        1672,
        1681,
        1692,
        1706,
        1707,
        1709,
        1726,
        1728,
        1739,
        1743,
        1744,
        1745,
        1750,
        1752,
        1753,
        1755,
        1757,
        1765,
        1766,
        1767,
        1771,
        1772,
        1780,
        1781,
        1791,
        1794,
        1804,
        1818,
        1819,
        1821,
        1823,
        1824,
        1825,
        1826,
        1832,
        1837,
        1840,
        1843,
        1844,
        1845,
        1846,
        1855,
        1861,
        1876,
        1882,
        1884,
        1888,
        1889,
        1890,
        1891,
        1894,
        1905,
        1906,
        1911,
        1913,
        1914,
        1915,
        1917,
        1918,
        1919,
        1920,
        1921,
        1922,
        1923,
        1927,
        1928,
        1932,
        1933,
        1936,
        1942,
        1950,
        1951,
        1955,
        1956,
        1959,
        1967,
        1971,
        1977,
        1981,
        1982,
        1984,
        1986,
        1987,
        1989,
        1995,
        1996,
        1998,
        1999,
        2001,
        2002,
        2008
      ],
      "jumps_near_known_changes": [],
      "jumps_not_explained": [
        1429,
        1444,
        1451,
        1452,
        1461,
        1519,
        1520,
        1530,
        1535,
        1536,
        1537,
        1538,
        1547,
        1550,
        1556,
        1573,
        1574,
        1575,
        1576,
        1578,
        1586,
        1591,
        1610,
        1615,
        1627,
        1629,
        1630,
        1636,
        1637,
        1640,
        1645,
        1655,
        1656,
        1659,
        1664,
        1666,
        1667,
        1672,
        1681,
        1692,
        1706,
        1707,
        1709,
        1726,
        1728,
        1739,
        1743,
        1744,
        1745,
        1750,
        1752,
        1753,
        1755,
        1757,
        1765,
        1766,
        1767,
        1771,
        1772,
        1780,
        1781,
        1791,
        1794,
        1804,
        1818,
        1819,
        1821,
        1823,
        1824,
        1825,
        1826,
        1832,
        1837,
        1840,
        1843,
        1844,
        1845,
        1846,
        1855,
        1861,
        1876,
        1882,
        1884,
        1888,
        1889,
        1890,
        1891,
        1894,
        1905,
        1906,
        1911,
        1913,
        1914,
        1915,
        1917,
        1918,
        1919,
        1920,
        1921,
        1922,
        1923,
        1927,
        1928,
        1932,
        1933,
        1936,
        1942,
        1950,
        1951,
        1955,
        1956,
        1959,
        1967,
        1971,
        1977,
        1981,
        1982,
        1984,
        1986,
        1987,
        1989,
        1995,
        1996,
        1998,
        1999,
        2001,
        2002,
        2008
      ],
      "known_changes_used": []
    },
    "SWE": {
      "large_jump_years": [
        1429,
        1444,
        1452,
        1461,
        1476,
        1520,
        1530,
        1535,
        1536,
        1544,
        1550,
        1556,
        1573,
        1574,
        1575,
        1576,
        1578,
        1591,
        1610,
        1613,
        1615,
        1616,
        1617,
        1627,
        1628,
        1629,
        1630,
        1636,
        1637,
        1640,
        1645,
        1655,
        1656,
        1659,
        1672,
        1688,
        1692,
        1706,
        1707,
        1709,
        1718,
        1719,
        1726,
        1728,
        1739,
        1743,
        1745,
        1750,
        1753,
        1755,
        1762,
        1765,
        1771,
        1772,
        1780,
        1781,
        1791,
        1794,
        1800,
        1804,
        1805,
        1818,
        1820,
        1821,
        1823,
        1824,
        1826,
        1832,
        1834,
        1837,
        1844,
        1845,
        1846,
        1851,
        1861,
        1868,
        1876,
        1888,
        1889,
        1890,
        1894,
        1899,
        1909,
        1913,
        1914,
        1915,
        1917,
        1918,
        1921,
        1922,
        1923,
        1927,
        1928,
        1932,
        1942,
        1950,
        1951,
        1955,
        1956,
        1959,
        1965,
        1967,
        1971,
        1984,
        1985,
        1986,
        1987,
        1995,
        1996,
        1998,
        1999,
        2001,
        2002
      ],
      "jumps_near_known_changes": [
        1804,
        1805,
        1818,
        1820,
        1909
      ],
      "jumps_not_explained": [
        1429,
        1444,
        1452,
        1461,
        1476,
        1520,
        1530,
        1535,
        1536,
        1544,
        1550,
        1556,
        1573,
        1574,
        1575,
        1576,
        1578,
        1591,
        1610,
        1613,
        1615,
        1616,
        1617,
        1627,
        1628,
        1629,
        1630,
        1636,
        1637,
        1640,
        1645,
        1655,
        1656,
        1659,
        1672,
        1688,
        1692,
        1706,
        1707,
        1709,
        1718,
        1719,
        1726,
        1728,
        1739,
        1743,
        1745,
        1750,
        1753,
        1755,
        1762,
        1765,
        1771,
        1772,
        1780,
        1781,
        1791,
        1794,
        1800,
        1821,
        1823,
        1824,
        1826,
        1832,
        1834,
        1837,
        1844,
        1845,
        1846,
        1851,
        1861,
        1868,
        1876,
        1888,
        1889,
        1890,
        1894,
        1899,
        1913,
        1914,
        1915,
        1917,
        1918,
        1921,
        1922,
        1923,
        1927,
        1928,
        1932,
        1942,
        1950,
        1951,
        1955,
        1956,
        1959,
        1965,
        1967,
        1971,
        1984,
        1985,
        1986,
        1987,
        1995,
        1996,
        1998,
        1999,
        2001,
        2002
      ],
      "known_changes_used": [
        1809,
        1815,
        1905
      ]
    }
  },
  "permutation_test": {
    "actual_fraction_near_changes": 0.029085872576177285,
    "null_mean": 0.030204293628808863,
    "null_p_value": 0.659,
    "n_permutations": 1000,
    "n_jumps_total": 1444,
    "n_jumps_near_changes": 42
  },
  "interpretation": "Large jumps do not cluster near territorial changes (3% vs 3%, p=0.659). Country-boundary changes are not the main driver of the jumps; volcanic episodes and small-sample noise are more likely candidates."
}
=== [14:38:48] Phase 10 uncertainty DL ===
Loading panel...
  Panel shape: (7209, 32)
  t_anom_c_within_season_sd: 7056 non-null
  p_anom_mm_within_season_sd: 7056 non-null
  ensstd_t_growing: 7056 non-null
  ensstd_p_growing: 7056 non-null

Fitting M1: baseline DL + realized SD...
  M1 cumulative T beta: -0.0021
  M1 realized SD coef: -0.0022 (SE=0.0360)

Fitting M2: baseline DL + ensstd comparator...
  M2 cumulative T beta: -0.0025
  M2 ensstd_t coef: -0.6635 (SE=3.6808)

Fitting M3: realized SD × Hansen threshold interaction...
  M3 cumulative T beta: -0.0222
  M3 realized SD (base): -0.0226 (SE=0.0509)
  M3 interaction (t_sd_x_above): 0.0871 (SE=0.1074)

Wrote /Volumes/BIGDATA/HYDE35/analysis/output/long_shadow_fertility/phase10_uncertainty_dl.json

=== SUMMARY ===
M1 cumulative T beta = -0.0021, realized_SD coef = -0.0021868376967552647
M2 cumulative T beta = -0.0025, ensstd_t coef = -0.663470949118562
M3 cumulative T beta = -0.0222, t_sd_x_above coef = 0.08709764564704758
=== [14:38:50] Phase 10 uncertainty DL rolling ===
Loading panel...
  Panel shape: (7209, 32)
  t_growing_rolling10_sd: 7056 non-null
  p_growing_rolling10_sd: 7056 non-null

Fitting M1r: baseline DL + 10-year rolling SD...
  M1r cumulative T beta: -0.0302
  M1r rolling SD coef: -0.1216 (SE=0.2284)

Fitting M3r: rolling SD × Hansen threshold interaction...
  M3r cumulative T beta: -0.0437
  M3r rolling SD (base): -0.1142 (SE=0.2291)
  M3r interaction (rolling_t_x_above): 0.1714 (SE=0.3656)

Wrote /Volumes/BIGDATA/HYDE35/analysis/output/long_shadow_fertility/phase10_uncertainty_dl_rolling.json

=== SUMMARY ===
M1r cumul T beta = -0.0302, rolling_SD coef = -0.1216  SE = 0.2284
M3r cumul T beta = -0.0437, rolling_SD base = -0.1142  SE = 0.2291,  interaction = 0.1714  SE = 0.3656
=== [14:38:52] Phase 10.5 Hansen SPEI ===
Loading panel...
  Joint sample (SPEI + wage + log_cbr): 1789 rows, 12 countries
  Year range: 1541 - 2008

Fitting Hansen threshold: SPEI as shock...
  c_hat = 9.658
  p     = 0.002
  beta_M = -0.0240  (below threshold, Malthusian)
  beta_T = 0.1546  (above threshold, transitional)
  n      = 1789

Fitting Hansen threshold: temperature as shock (comparator)...
  c_hat = 10.140
  p     = 0.002
  beta_M = -0.0601  (below threshold, Malthusian)
  beta_T = -0.3879  (above threshold, transitional)
  n      = 1789

Wrote /Volumes/BIGDATA/HYDE35/analysis/output/long_shadow_fertility/phase10p5_hansen_spei.json

=== SUMMARY ===
SPEI:        c_hat=9.658, p=0.002, beta_M=-0.0240, beta_T=0.1546
Temperature: c_hat=10.140, p=0.002, beta_M=-0.0601, beta_T=-0.3879

Elasticity amplification (beta_T / beta_M):
  SPEI:        -6.43x
  Temperature: 6.46x
=== [14:46:27] Phase 10.5 DL SPEI ===
Loading panel...
  Panel shape: (7209, 32)
  SPEI-available rows: 7056

Fitting M1: SPEI DL + full controls (incl. vol_p_10y)...
  Cumulative SPEI beta: -0.0489  (SE=0.0169)
  N_obs=436, N_units=4

Fitting M2: SPEI DL — no vol_p_10y (avoid double-counting P)...
  Cumulative SPEI beta: -0.0487  (SE=0.0157)

Fitting M3: Temperature DL (comparator, same SPEI sample)...
  Cumulative T beta: -0.0051  (SE=0.0485)

Wrote /Volumes/BIGDATA/HYDE35/analysis/output/long_shadow_fertility/phase10p5_dl_spei.json

=== SUMMARY ===
M1 SPEI (full controls):  cum_beta = -0.0489
M2 SPEI (no vol_p_10y):   cum_beta = -0.0487
M3 Temperature comparator: cum_beta = -0.0051
IRF by lag (M1 SPEI):
  lag 0: beta=-0.0220  SE=0.0021
  lag 1: beta=-0.0050  SE=0.0082
  lag 2: beta=-0.0082  SE=0.0083
  lag 3: beta=-0.0137  SE=0.0025
=== [14:46:29] Phase 10.5 Hansen precip ===
Loading panel...
  Joint sample (SPEI+T+P+wage+log_cbr): 1789 rows, 12 countries
  Year range: 1541 - 2008

Fitting Hansen threshold: precipitation (p_growing) as shock...
  c_hat = 8.414
  p     = 0.606
  beta_M = 0.0078  (below threshold, Malthusian)
  beta_T = 0.0015  (above threshold, transitional)
  n      = 1789

Fitting Hansen threshold: temperature (t_growing) comparator on joint sample...
  c_hat = 10.140
  p     = 0.002
  beta_M = -0.0601
  beta_T = -0.3879
  n      = 1789

Fitting Hansen threshold: SPEI comparator on joint sample...
  c_hat = 9.658
  p     = 0.002
  beta_M = -0.0240
  beta_T = 0.1546
  n      = 1789

Wrote /Volumes/BIGDATA/HYDE35/analysis/output/long_shadow_fertility/phase10p5_hansen_precip.json

=== SUMMARY ===
Precipitation: c_hat=8.414, p=0.606, beta_M=0.0078, beta_T=0.0015
Temperature:   c_hat=10.140, p=0.002, beta_M=-0.0601, beta_T=-0.3879
SPEI:          c_hat=9.658, p=0.002, beta_M=-0.0240, beta_T=0.1546
  Precipitation amplification (beta_T / beta_M): 0.19x
  Temperature amplification (beta_T / beta_M): 6.46x
  SPEI amplification (beta_T / beta_M): -6.43x
=== [14:55:31] Phase 10.5 DL precip ===
Loading panel...
  Panel shape: (7209, 32)
  Joint sample (all shock vars + wage): 1789 rows, 12 countries

Fitting M1: precipitation DL + full controls...
  Cumulative P beta: -0.0061  (SE=0.0018, t=-3.44)
  N_obs=417, N_units=4

Fitting M2: precipitation DL — no vol_p_10y (robustness)...
  Cumulative P beta: -0.0063  (SE=0.0021, t=-2.97)

Fitting M3: temperature DL comparator (same joint sample)...
  Cumulative T beta: -0.0335  (SE=0.0521, t=-0.64)

Fitting M4: SPEI DL comparator (same joint sample, no vol_p_10y)...
  Cumulative SPEI beta: -0.0343  (SE=0.0167, t=-2.06)

Wrote /Volumes/BIGDATA/HYDE35/analysis/output/long_shadow_fertility/phase10p5_dl_precip.json

=== SUMMARY ===
M1 Precipitation (full controls): cum_beta = -0.0061  SE=0.0018
M2 Precipitation (no vol_p_10y):  cum_beta = -0.0063  SE=0.0021
M3 Temperature comparator:         cum_beta = -0.0335  SE=0.0521
M4 SPEI comparator (no vol_p_10y): cum_beta = -0.0343  SE=0.0167
IRF by lag (M1 precipitation):
  lag 0: beta=-0.0034  SE=0.0009
  lag 1: beta=-0.0001  SE=0.0010
  lag 2: beta=-0.0007  SE=0.0008
  lag 3: beta=-0.0019  SE=0.0003
=== [14:55:34] Phase 11 regime FEVD (HEADLINE) ===

======================================================================
PHASE 11 HEADLINE: state-dependent system LP-FEVD of log fertility
======================================================================
Core system ['spei_growing', 'log_real_wage', 'log_cdr', 'log_cbr']  (h=15)
  N_malthusian = 1073   N_modern = 367
  WEATHER (SPEI) share of fertility variance:
    Malthusian = 0.038   Modern = 0.068   (delta = +0.031)
  => weather share RISES from Malthusian to Modern.
  Full h=15 shares:
    Malthusian: spei_growing=0.038, log_real_wage=0.038, log_cdr=0.181, log_cbr=0.744
        Modern: spei_growing=0.068, log_real_wage=0.019, log_cdr=0.016, log_cbr=0.896

Core-temperature variant ['t_growing', 'log_real_wage', 'log_cdr', 'log_cbr'] (h=15) WEATHER (T) share:
    Malthusian = 0.088   Modern = 0.089

Extended pooled system (N=420) h=15 fertility FEVD shares:
                nearby_war: 0.076
        log_war_fatalities: 0.025
           pandemic_active: 0.027
            disaster_count: 0.353
              spei_growing: 0.008
             log_real_wage: 0.033
                   log_cdr: 0.039
                   log_cbr: 0.439

Extended-by-regime (C): dof_floor=230
    malthusian: status=ok  n=301
        modern: status=insufficient_dof  n=119

wrote /Volumes/BIGDATA/HYDE35/analysis/output/long_shadow_fertility/phase11_regime_fevd.json
=== [14:56:26] Phase 12 drop FIN/ISL ===
10-country panel shape: (6008, 35)
Countries: ['BEL', 'CHE', 'DNK', 'ESP', 'FRA', 'GBR', 'ITA', 'NLD', 'NOR', 'SWE']

Running Hansen threshold grid (wage only, n_boot=500)…
  c_hat=10.1027  p=0.012  beta_M=-0.0700  beta_T=-0.3879  n=1599

Running regime-FEVD core (10 countries)…
  malthusian: N=978
    h=15 shares: spei_growing=0.039, log_real_wage=0.040, log_cdr=0.168, log_cbr=0.753
  modern: N=308
    h=15 shares: spei_growing=0.042, log_real_wage=0.063, log_cdr=0.013, log_cbr=0.882

=== COMPARISON: 12-country vs 10-country (drop FIN+ISL) ===

Hansen wage threshold:
  full12: c=10.1402  p=0.002  betaT=-0.3879  n=1789
  drop_finisl: c=10.1027  p=0.012  betaT=-0.3879  n=1599

Regime-FEVD h=15 fertility shares:
  MALTHUSIAN: 12-cty N=1073  10-cty N=978
    Full12  : {'spei_growing': 0.03770484115806151, 'log_real_wage': 0.03751178971739084, 'log_cdr': 0.18081430524608455, 'log_cbr': 0.7439690638784631}
    Drop10  : {'spei_growing': 0.03889118585010259, 'log_real_wage': 0.03965545501637162, 'log_cdr': 0.16841388103646407, 'log_cbr': 0.7530394780970617}
    Max |Δ| : 0.0124
  MODERN: 12-cty N=367  10-cty N=308
    Full12  : {'spei_growing': 0.06830674937783851, 'log_real_wage': 0.01920355576950562, 'log_cdr': 0.016255371730945913, 'log_cbr': 0.8962343231217099}
    Drop10  : {'spei_growing': 0.04174581358110907, 'log_real_wage': 0.06315544338250074, 'log_cdr': 0.012831714878280557, 'log_cbr': 0.8822670281581095}
    Max |Δ| : 0.0440

Verdict: Stable (c_hat within 0.15, FEVD shares within 5pp)
  Δc_hat=0.0375  max FEVD Δ=0.0440  stable=True

Wrote /Volumes/BIGDATA/HYDE35/analysis/output/long_shadow_fertility/phase12_drop_finisl_robustness.json
=== [14:59:52] Table 6 threshold grid ===
Wrote /Users/jalonso/Library/CloudStorage/GoogleDrive-jorge.alonsoortiz@gmail.com/My Drive/Fertility/long_shadow/tables/tab6_threshold_grid.tex
=== [14:59:52] Table 6v2 shock decomp ===
Wrote /Users/jalonso/Library/CloudStorage/GoogleDrive-jorge.alonsoortiz@gmail.com/My Drive/Fertility/long_shadow/tables/tab6v2_shock_decomposition.tex

=== Tab 6v2 rows ===
  SPEI (joint stress) & log real wage       c=9.658  p=0.002  bM=-0.0240  bT=0.1546
  Temperature ($t_{\text{growing}}$) & log  c=10.140  p=0.002  bM=-0.0601  bT=-0.3879
  Precipitation ($p_{\text{growing}}$) & l  c=8.414  p=0.606  bM=0.0078  bT=0.0015
  Temperature ($t_{\text{growing}}$) & log  c=9.935  p=0.012  bM=-0.0977  bT=-0.4453
=== [14:59:52] Table 7 uncertainty DL ===
Wrote /Users/jalonso/Library/CloudStorage/GoogleDrive-jorge.alonsoortiz@gmail.com/My Drive/Fertility/long_shadow/tables/tab7_uncertainty_dl.tex

=== Tab 7 key numbers ===
M1: cum T beta = -0.0021 (SE 0.0481), realized_SD = -0.0022 (SE 0.0360)
M2: cum T beta = -0.0025 (SE 0.0386), ensstd_t = -0.6635 (SE 3.6808)
M3: cum T beta = -0.0222 (SE 0.0611), t_sd_x_above = +0.0871 (SE 0.1074)
=== [14:59:52] DONE. Log: /Volumes/BIGDATA/HYDE35/analysis/output/long_shadow_fertility/reproduce_20260528_141015.log ===
