\BOOKMARK [1][-]{section.1}{\376\377\000I\000n\000t\000r\000o\000d\000u\000c\000t\000i\000o\000n}{}% 1
\BOOKMARK [1][-]{section.2}{\376\377\000C\000l\000i\000m\000a\000t\000e\000,\000\040\000p\000a\000t\000h\000w\000a\000y\000\040\000s\000e\000l\000e\000c\000t\000i\000o\000n\000,\000\040\000a\000n\000d\000\040\000t\000h\000e\000\040\000d\000e\000m\000o\000g\000r\000a\000p\000h\000i\000c\000\040\000t\000r\000a\000n\000s\000i\000t\000i\000o\000n\000:\000\040\000a\000\040\000U\000G\000T\000\040\000s\000k\000e\000l\000e\000t\000o\000n}{}% 2
\BOOKMARK [1][-]{section.3}{\376\377\000D\000a\000t\000a}{}% 3
\BOOKMARK [2][-]{subsection.3.1}{\376\377\000C\000h\000a\000n\000n\000e\000l\000s}{section.3}% 4
\BOOKMARK [2][-]{subsection.3.2}{\376\377\000O\000u\000t\000c\000o\000m\000e\000s}{section.3}% 5
\BOOKMARK [2][-]{subsection.3.3}{\376\377\000P\000a\000t\000h\000w\000a\000y\000\040\000t\000y\000p\000o\000l\000o\000g\000y\000\040\000a\000n\000d\000\040\000m\000a\000s\000t\000e\000r\000\040\000p\000a\000n\000e\000l}{section.3}% 6
\BOOKMARK [1][-]{section.4}{\376\377\000V\000a\000r\000i\000a\000n\000c\000e\000\040\000d\000e\000c\000o\000m\000p\000o\000s\000i\000t\000i\000o\000n\000:\000\040\000S\000h\000a\000p\000l\000e\000y\000-\000O\000w\000e\000n\000\040\000c\000o\000n\000t\000r\000i\000b\000u\000t\000i\000o\000n\000s}{}% 7
\BOOKMARK [1][-]{section.5}{\376\377\000P\000a\000t\000h\000w\000a\000y\000\040\000m\000e\000d\000i\000a\000t\000i\000o\000n}{}% 8
\BOOKMARK [2][-]{subsection.5.1}{\376\377\000B\000a\000s\000e\000l\000i\000n\000e\000\040\000m\000e\000d\000i\000a\000t\000i\000o\000n\000\040\000r\000e\000s\000u\000l\000t\000s}{section.5}% 9
\BOOKMARK [2][-]{subsection.5.2}{\376\377\000C\000o\000n\000t\000i\000n\000e\000n\000t\000\040\000f\000i\000x\000e\000d\000\040\000e\000f\000f\000e\000c\000t\000s\000\040\000r\000e\000s\000h\000a\000p\000e\000\040\000b\000u\000t\000\040\000d\000o\000\040\000n\000o\000t\000\040\000e\000l\000i\000m\000i\000n\000a\000t\000e\000\040\000t\000h\000e\000\040\000s\000u\000p\000p\000r\000e\000s\000s\000o\000r\000\040\000s\000t\000r\000u\000c\000t\000u\000r\000e}{section.5}% 10
\BOOKMARK [2][-]{subsection.5.3}{\376\377\000M\000u\000l\000t\000i\000-\000t\000e\000s\000t\000i\000n\000g\000\040\000c\000o\000r\000r\000e\000c\000t\000i\000o\000n\000\040\000\050\000W\000e\000s\000t\000f\000a\000l\000l\000-\000Y\000o\000u\000n\000g\000\040\000F\000W\000E\000R\000\051}{section.5}% 11
\BOOKMARK [1][-]{section.6}{\376\377\000R\000o\000b\000u\000s\000t\000n\000e\000s\000s}{}% 12
\BOOKMARK [2][-]{subsection.6.1}{\376\377\000S\000u\000b\000-\000s\000a\000m\000p\000l\000e\000\040\000s\000t\000a\000b\000i\000l\000i\000t\000y}{section.6}% 13
\BOOKMARK [2][-]{subsection.6.2}{\376\377\000P\000a\000t\000h\000w\000a\000y\000-\000c\000l\000u\000s\000t\000e\000r\000\040\000s\000o\000u\000r\000c\000e}{section.6}% 14
\BOOKMARK [2][-]{subsection.6.3}{\376\377\000C\000l\000i\000m\000a\000t\000e\000-\000w\000i\000n\000d\000o\000w\000\040\000p\000l\000a\000c\000e\000b\000o\000s}{section.6}% 15
\BOOKMARK [2][-]{subsection.6.4}{\376\377\000G\000r\000o\000w\000i\000n\000g\000-\000s\000e\000a\000s\000o\000n\000\040\000d\000e\000c\000o\000m\000p\000o\000s\000i\000t\000i\000o\000n\000\040\000o\000f\000\040\000t\000h\000e\000\040\000c\000l\000i\000m\000a\000t\000e\000\040\000b\000u\000n\000d\000l\000e}{section.6}% 16
\BOOKMARK [2][-]{subsection.6.5}{\376\377\000H\000\137\000p\000r\000e\000d\000\040\000c\000o\000e\000f\000f\000i\000c\000i\000e\000n\000t\000\040\000e\000v\000o\000l\000u\000t\000i\000o\000n\000:\000\040\000m\000o\000d\000e\000r\000n\000\040\000s\000u\000b\000s\000t\000r\000a\000t\000e\000s\000\040\000a\000b\000s\000o\000r\000b\000\040\000t\000h\000e\000\040\000A\000G\000\040\000s\000i\000g\000n\000a\000l}{section.6}% 17
\BOOKMARK [2][-]{subsection.6.6}{\376\377\000M\000a\000l\000a\000r\000i\000a\000-\000l\000o\000c\000i\000\040\000s\000e\000n\000s\000i\000t\000i\000v\000i\000t\000y}{section.6}% 18
\BOOKMARK [2][-]{subsection.6.7}{\376\377\000C\000o\000l\000o\000n\000i\000a\000l\000-\000o\000r\000i\000g\000i\000n\000\040\000p\000a\000r\000t\000i\000a\000l\000l\000i\000n\000g}{section.6}% 19
\BOOKMARK [2][-]{subsection.6.8}{\376\377\000C\000l\000i\000m\000a\000t\000e\040\023\000A\000\040\000p\000a\000r\000t\000i\000a\000l\000l\000i\000n\000g\000\040\000r\000o\000b\000u\000s\000t\000n\000e\000s\000s}{section.6}% 20
\BOOKMARK [2][-]{subsection.6.9}{\376\377\000L\000e\000a\000v\000e\000-\000o\000n\000e\000-\000o\000u\000t}{section.6}% 21
\BOOKMARK [2][-]{subsection.6.10}{\376\377\000C\000u\000m\000u\000l\000a\000t\000i\000v\000e\000\040\000c\000o\000n\000f\000l\000i\000c\000t\000\040\000a\000n\000d\000\040\000v\000o\000l\000c\000a\000n\000i\000c\000\040\000e\000x\000p\000o\000s\000u\000r\000e\000\040\000c\000o\000n\000t\000r\000o\000l\000s}{section.6}% 22
\BOOKMARK [2][-]{subsection.6.11}{\376\377\000R\0001\000b\000-\000M\0002\0006\0009\000\040\000a\000n\000d\000\040\000L\000a\000z\000a\000r\000i\000d\000i\000s\000\040\000a\000n\000c\000e\000s\000t\000r\000y\000\040\000c\000o\000n\000t\000r\000o\000l\000s\000:\000\040\000t\000h\000e\000\040\000E\000u\000r\000a\000s\000i\000a\000n\000-\000s\000p\000e\000c\000i\000a\000l\000-\000c\000a\000s\000e\000\040\000a\000n\000c\000h\000o\000r}{section.6}% 23
\BOOKMARK [1][-]{section.7}{\376\377\000D\000i\000s\000c\000u\000s\000s\000i\000o\000n}{}% 24
\BOOKMARK [1][-]{section.8}{\376\377\000C\000o\000n\000c\000l\000u\000s\000i\000o\000n}{}% 25
