======================================================================
AGRICULTURAL IMPACT ANALYSIS — CLEAN 1950-2025 PANEL
======================================================================

Panel: 14,972 obs, 197 countries, 1950-2025

======================================================================
1. FIXED-EFFECTS PANEL REGRESSIONS
======================================================================

───────────────────────────────────────────────────────
  Pop Growth ~ Climate  (N=14775, R²=0.0209)
───────────────────────────────────────────────────────
  temp_anomaly                    -0.005511 (0.000572) ***
  precip_anomaly                  -0.023609 (0.012882) 

───────────────────────────────────────────────────────
  Cropland Growth ~ Climate  (N=14208, R²=0.0013)
───────────────────────────────────────────────────────
  temp_anomaly                    -0.004715 (0.001091) ***
  precip_anomaly                  +0.023528 (0.041031) 

───────────────────────────────────────────────────────
  Ag Land Growth ~ Climate  (N=14359, R²=0.0012)
───────────────────────────────────────────────────────
  temp_anomaly                    -0.005424 (0.000919) ***
  precip_anomaly                  -0.008809 (0.035588) 

───────────────────────────────────────────────────────
  Pop Growth ~ Climate + Interactions  (N=14209, R²=0.0227)
───────────────────────────────────────────────────────
  temp_anomaly                    -0.004638 (0.000589) ***
  precip_anomaly                  -0.022574 (0.011176) *
  temp_x_crop_share               -0.000240 (0.000397) 
  temp_x_irrigation               -0.000308 (0.000347) 

───────────────────────────────────────────────────────
  Cropland Growth ~ Climate + Interactions  (N=14208, R²=0.0034)
───────────────────────────────────────────────────────
  temp_anomaly                    -0.005257 (0.001304) ***
  precip_anomaly                  +0.033657 (0.039413) 
  temp_x_crop_share               +0.002466 (0.001010) *
  temp_x_irrigation               -0.000682 (0.000649) 

======================================================================
1b. PER-PATHWAY FE: temp → ag land growth by agricultural pathway
======================================================================

  Pathway match: 78.2% of obs
  Crop-dominant        β=-0.003930  p=0.0120*    N=3350  countries=45
  Pastoral/mixed       β=-0.003318  p=0.0061**   N=4875  countries=65
  High-density         β=-0.008716  p=0.0851     N=1199  countries=16
  Early extensifiers   β=-0.005631  p=0.0487*    N=2025  countries=27

======================================================================
2. LOCAL PROJECTION IRFs
======================================================================

Temp → Cropland (N≈14399):
  No significant effects

Temp → Population (N≈14972):
  Significant at h=[4, 5, 6, 7, 8, 9, 10]
    h=4: β=+0.002677 (p=0.0184)
    h=5: β=+0.004150 (p=0.0015)
    h=6: β=+0.005467 (p=0.0003)
    h=7: β=+0.006838 (p=0.0001)
    h=8: β=+0.008562 (p=0.0000)
    h=9: β=+0.010215 (p=0.0000)
    h=10: β=+0.012388 (p=0.0000)

Temp → Ag Per Capita (N≈14553):
  Significant at h=[3, 10]
    h=3: β=-0.023140 (p=0.0000)
    h=10: β=-0.035433 (p=0.0001)

Temp → Crop Share (N≈14972):
  Significant at h=[0, 1, 2, 3, 4, 5, 6, 7, 8, 9, 10]
    h=0: β=-0.000409 (p=0.0002)
    h=1: β=-0.000840 (p=0.0000)
    h=2: β=-0.001226 (p=0.0000)
    h=3: β=-0.001529 (p=0.0000)
    h=4: β=-0.001630 (p=0.0000)
    h=5: β=-0.001700 (p=0.0001)
    h=6: β=-0.001861 (p=0.0001)
    h=7: β=-0.002021 (p=0.0001)
    h=8: β=-0.002027 (p=0.0002)
    h=9: β=-0.002094 (p=0.0002)
    h=10: β=-0.002087 (p=0.0005)

Precip → Cropland (N≈14399):
  No significant effects

Precip → Population (N≈14972):
  Significant at h=[1, 2, 3, 4, 5, 6, 7, 8, 9, 10]
    h=1: β=-0.039705 (p=0.0294)
    h=2: β=-0.065790 (p=0.0144)
    h=3: β=-0.110066 (p=0.0024)
    h=4: β=-0.164175 (p=0.0002)
    h=5: β=-0.226765 (p=0.0000)
    h=6: β=-0.256901 (p=0.0000)
    h=7: β=-0.328703 (p=0.0000)
    h=8: β=-0.351724 (p=0.0000)
    h=9: β=-0.345743 (p=0.0000)
    h=10: β=-0.327634 (p=0.0002)

Saved: /Volumes/BIGDATA/HYDE35/analysis/figures/irf_ag_final.png

======================================================================
3. REGIME-DEPENDENT: PRE vs POST GREEN REVOLUTION
======================================================================

  1950-1969: 3,940 obs, 197 countries
    Pop Growth            temp: +0.002394**    precip: +0.001185      (N=3743)
    Cropland Growth       temp: -0.010989***   precip: +0.043166      (N=3610)

  1970-2025: 11,032 obs, 197 countries
    Pop Growth            temp: -0.005015***   precip: +0.028741      (N=11032)
    Cropland Growth       temp: -0.002348      precip: +0.040051      (N=10598)

======================================================================
4. ROLLING CLIMATE SENSITIVITY (20-yr windows)
======================================================================
Saved: /Volumes/BIGDATA/HYDE35/analysis/figures/rolling_sensitivity_final.png
  1960  Pop       β=+0.002394  p=0.0040**   (N=3743)
  1960  Cropland  β=-0.010989  p=0.0000***  (N=3610)
  1965  Pop       β=+0.001012  p=0.0992     (N=3940)
  1965  Cropland  β=-0.007941  p=0.0001***  (N=3800)
  1970  Pop       β=-0.000090  p=0.8858     (N=3940)
  1970  Cropland  β=-0.003455  p=0.1587     (N=3800)
  1975  Pop       β=-0.000593  p=0.3618     (N=3940)
  1975  Cropland  β=-0.000942  p=0.6751     (N=3800)
  1980  Pop       β=+0.000156  p=0.7608     (N=3940)
  1980  Cropland  β=-0.000757  p=0.7374     (N=3800)
  1985  Pop       β=+0.000588  p=0.3348     (N=3940)
  1985  Cropland  β=-0.001909  p=0.3077     (N=3800)
  1990  Pop       β=-0.000458  p=0.3313     (N=3940)
  1990  Cropland  β=-0.000358  p=0.8659     (N=3800)
  1995  Pop       β=-0.000812  p=0.1517     (N=3940)
  1995  Cropland  β=-0.002377  p=0.2821     (N=3796)
  2000  Pop       β=-0.000064  p=0.9249     (N=3940)
  2000  Cropland  β=-0.002857  p=0.3618     (N=3791)
  2005  Pop       β=-0.000618  p=0.3717     (N=3940)
  2005  Cropland  β=+0.000021  p=0.9953     (N=3782)
  2010  Pop       β=-0.003304  p=0.0000***  (N=3940)
  2010  Cropland  β=-0.000700  p=0.8073     (N=3772)
  2015  Pop       β=-0.003835  p=0.0000***  (N=3940)
  2015  Cropland  β=-0.002022  p=0.2649     (N=3765)

======================================================================
5. CROSS-SECTION: WARMING → STRUCTURAL CHANGE
======================================================================
N=197 countries, mean warming=1.43°C
  Δ Crop Share         ~ Warming: β=-0.04169  p=0.0254*
  Δ Irrigation         ~ Warming: β=+0.07379  p=0.0403*
  Δ Urban Share        ~ Warming: β=-0.00287  p=0.7330
  Log Pop Growth       ~ Warming: β=+0.01646  p=0.9113
Saved: /Volumes/BIGDATA/HYDE35/analysis/figures/cross_section_final.png

======================================================================
6. HISTORICAL CLIMATE ENDOWMENTS AS CROSS-SECTIONAL PREDICTORS
======================================================================
  Historical endowments computed for 25 regions (1-1850 CE)
 era5_region  temp_longrun_mean  temp_longrun_std  temp_longrun_range
           1          -3.131609          0.473501            3.183238
           2           4.234906          0.220947            1.232681
           3          18.675967          0.220034            1.232681
           4          18.212057          0.220638            1.232681
           5          23.226719          0.289051            4.046592
           6          21.390953          0.310841            5.650970
           7          21.280222          0.202798            1.031250
           8          24.225352          0.203228            1.302593
           9          22.433468          0.334288            3.339216
          10          19.199253          0.326200            1.899000
          11          11.710099          0.326189            1.899000
          12          10.396546          0.444103            3.261700
          13          11.927086          0.444191            3.261700
          14           8.406477          0.444027            3.261700
          15           5.991655          0.444179            3.261700
          16          -0.429753          0.326244            1.899000
          17          19.769588          0.328319            2.202572
          18          15.776155          0.326246            1.899000
          19           9.278002          0.326326            1.899000
          20           8.002283          0.172528            1.116887
          21          24.254165          0.173369            1.309076
          22          26.978170          0.171810            0.971000
          23           9.595245          0.202702            1.031250
          24          19.951785          0.247080            6.672132
          25         -14.237605          0.202726            1.031250

  Countries with historical climate endowment: 197

  Historical temperature volatility → Modern outcomes:
    Δ Crop Share         ~ Hist Vol: β=-0.30511  p=0.0003***  (N=197)
    Δ Irrigation         ~ Hist Vol: β=+0.30733  p=0.0614  (N=189)
    Δ Urban              ~ Hist Vol: β=-0.07062  p=0.0632  (N=197)
    Log Pop Growth       ~ Hist Vol: β=-2.08848  p=0.0016**  (N=197)

  Historical temperature level → Modern outcomes:
    Crop Share 1950s     ~ Hist Temp: β=-0.00688  p=0.0000***  (N=197)
    Irrigation 1950s     ~ Hist Temp: β=-0.00033  p=0.8403  (N=190)
    Urban Share 1950s    ~ Hist Temp: β=-0.00014  p=0.5082  (N=197)
    Δ Crop Share         ~ Hist Temp: β=+0.00579  p=0.0000***  (N=197)

Saved: /Volumes/BIGDATA/HYDE35/analysis/figures/historical_endowments.png

======================================================================
SUMMARY TABLE
======================================================================

Specification                                          β_temp        p  sig
────────────────────────────────────────────────────────────────────────────
FE: Pop Growth ~ Climate                            -0.005511   0.0000 ***
FE: Cropland Growth ~ Climate                       -0.004715   0.0000 ***
FE: Ag Land Growth ~ Climate                        -0.005424   0.0000 ***
FE: Pop Growth ~ Climate + Interactions             -0.004638   0.0000 ***
FE: Cropland Growth ~ Climate + Interactions        -0.005257   0.0001 ***
LP(h= 0): Temp → Cropland                              -0.014951   0.2027 
LP(h= 5): Temp → Cropland                              +0.000149   0.9825 
LP(h=10): Temp → Cropland                              +0.005777   0.6615 
LP(h= 0): Temp → Population                            -0.000450   0.0800 
LP(h= 5): Temp → Population                            +0.004150   0.0015 **
LP(h=10): Temp → Population                            +0.012388   0.0000 ***
LP(h= 0): Temp → Ag Per Capita                         +0.001764   0.8481 
LP(h= 5): Temp → Ag Per Capita                         -0.006755   0.7318 
LP(h=10): Temp → Ag Per Capita                         -0.035433   0.0001 ***
LP(h= 0): Temp → Crop Share                            -0.000409   0.0002 ***
LP(h= 5): Temp → Crop Share                            -0.001700   0.0001 ***
LP(h=10): Temp → Crop Share                            -0.002087   0.0005 ***
LP(h= 0): Precip → Cropland                            +1.169417   0.2901 
LP(h= 5): Precip → Cropland                            -0.646790   0.3101 
LP(h=10): Precip → Cropland                            +0.724072   0.4100 
LP(h= 0): Precip → Population                          -0.015723   0.0937 
LP(h= 5): Precip → Population                          -0.226765   0.0000 ***
LP(h=10): Precip → Population                          -0.327634   0.0002 ***

All figures in: /Volumes/BIGDATA/HYDE35/analysis/figures
